// Jest Snapshot v1, https://goo.gl/fbAQLP

exports[`Serialize a image from slate state to markdown 1`] = `undefined`;
